Archive member included to satisfy reference by file (symbol)

c:/program files (x86)/atmel/studio/7.0/toolchain/avr8/avr8-gnu-toolchain/bin/../lib/gcc/avr/5.4.0/avr5\libgcc.a(_exit.o)
                              C:/Program Files (x86)/Atmel/Studio/7.0/Packs/atmel/ATmega_DFP/1.2.209/gcc/dev/atmega16/avr5/crtatmega16.o (exit)
c:/program files (x86)/atmel/studio/7.0/toolchain/avr8/avr8-gnu-toolchain/bin/../lib/gcc/avr/5.4.0/avr5\libgcc.a(_copy_data.o)
                              Lib/Src/Clock.o (__do_copy_data)
c:/program files (x86)/atmel/studio/7.0/toolchain/avr8/avr8-gnu-toolchain/bin/../lib/gcc/avr/5.4.0/avr5\libgcc.a(_clear_bss.o)
                              Lib/Src/Clock.o (__do_clear_bss)
c:/program files (x86)/atmel/studio/7.0/toolchain/avr8/avr8-gnu-toolchain/bin/../lib/gcc/avr/5.4.0/../../../../avr/lib/avr5\libc.a(sprintf.o)
                              Lib/Src/Clock.o (sprintf)
c:/program files (x86)/atmel/studio/7.0/toolchain/avr8/avr8-gnu-toolchain/bin/../lib/gcc/avr/5.4.0/../../../../avr/lib/avr5\libc.a(vfprintf_std.o)
                              c:/program files (x86)/atmel/studio/7.0/toolchain/avr8/avr8-gnu-toolchain/bin/../lib/gcc/avr/5.4.0/../../../../avr/lib/avr5\libc.a(sprintf.o) (vfprintf)
c:/program files (x86)/atmel/studio/7.0/toolchain/avr8/avr8-gnu-toolchain/bin/../lib/gcc/avr/5.4.0/../../../../avr/lib/avr5\libc.a(strnlen_P.o)
                              c:/program files (x86)/atmel/studio/7.0/toolchain/avr8/avr8-gnu-toolchain/bin/../lib/gcc/avr/5.4.0/../../../../avr/lib/avr5\libc.a(vfprintf_std.o) (strnlen_P)
c:/program files (x86)/atmel/studio/7.0/toolchain/avr8/avr8-gnu-toolchain/bin/../lib/gcc/avr/5.4.0/../../../../avr/lib/avr5\libc.a(strnlen.o)
                              c:/program files (x86)/atmel/studio/7.0/toolchain/avr8/avr8-gnu-toolchain/bin/../lib/gcc/avr/5.4.0/../../../../avr/lib/avr5\libc.a(vfprintf_std.o) (strnlen)
c:/program files (x86)/atmel/studio/7.0/toolchain/avr8/avr8-gnu-toolchain/bin/../lib/gcc/avr/5.4.0/../../../../avr/lib/avr5\libc.a(fputc.o)
                              c:/program files (x86)/atmel/studio/7.0/toolchain/avr8/avr8-gnu-toolchain/bin/../lib/gcc/avr/5.4.0/../../../../avr/lib/avr5\libc.a(vfprintf_std.o) (fputc)
c:/program files (x86)/atmel/studio/7.0/toolchain/avr8/avr8-gnu-toolchain/bin/../lib/gcc/avr/5.4.0/../../../../avr/lib/avr5\libc.a(ultoa_invert.o)
                              c:/program files (x86)/atmel/studio/7.0/toolchain/avr8/avr8-gnu-toolchain/bin/../lib/gcc/avr/5.4.0/../../../../avr/lib/avr5\libc.a(vfprintf_std.o) (__ultoa_invert)
c:/program files (x86)/atmel/studio/7.0/toolchain/avr8/avr8-gnu-toolchain/bin/../lib/gcc/avr/5.4.0/avr5\libgcc.a(_prologue.o)
                              c:/program files (x86)/atmel/studio/7.0/toolchain/avr8/avr8-gnu-toolchain/bin/../lib/gcc/avr/5.4.0/../../../../avr/lib/avr5\libc.a(sprintf.o) (__prologue_saves__)
c:/program files (x86)/atmel/studio/7.0/toolchain/avr8/avr8-gnu-toolchain/bin/../lib/gcc/avr/5.4.0/avr5\libgcc.a(_epilogue.o)
                              c:/program files (x86)/atmel/studio/7.0/toolchain/avr8/avr8-gnu-toolchain/bin/../lib/gcc/avr/5.4.0/../../../../avr/lib/avr5\libc.a(sprintf.o) (__epilogue_restores__)

Discarded input sections

 .data          0x00000000        0x0 C:/Program Files (x86)/Atmel/Studio/7.0/Packs/atmel/ATmega_DFP/1.2.209/gcc/dev/atmega16/avr5/crtatmega16.o
 .bss           0x00000000        0x0 C:/Program Files (x86)/Atmel/Studio/7.0/Packs/atmel/ATmega_DFP/1.2.209/gcc/dev/atmega16/avr5/crtatmega16.o
 .text          0x00000000        0x0 Lib/Src/AT24C32.o
 .data          0x00000000        0x0 Lib/Src/AT24C32.o
 .bss           0x00000000        0x0 Lib/Src/AT24C32.o
 .text          0x00000000        0x0 Lib/Src/Buzzer.o
 .data          0x00000000        0x0 Lib/Src/Buzzer.o
 .bss           0x00000000        0x0 Lib/Src/Buzzer.o
 .text          0x00000000        0x0 Lib/Src/Clock.o
 .data          0x00000000        0x0 Lib/Src/Clock.o
 .bss           0x00000000        0x0 Lib/Src/Clock.o
 .text          0x00000000        0x0 Lib/Src/DS1307.o
 .data          0x00000000        0x0 Lib/Src/DS1307.o
 .bss           0x00000000        0x0 Lib/Src/DS1307.o
 .text          0x00000000        0x0 Lib/Src/I2C.o
 .data          0x00000000        0x0 Lib/Src/I2C.o
 .bss           0x00000000        0x0 Lib/Src/I2C.o
 .rodata.str1.1
                0x00000000       0x3e Lib/Src/I2C.o
 .text.I2C_Scanner
                0x00000000       0xae Lib/Src/I2C.o
 .text          0x00000000        0x0 Lib/Src/LCD.o
 .data          0x00000000        0x0 Lib/Src/LCD.o
 .bss           0x00000000        0x0 Lib/Src/LCD.o
 .text          0x00000000        0x0 Lib/Src/MCU_Init.o
 .data          0x00000000        0x0 Lib/Src/MCU_Init.o
 .bss           0x00000000        0x0 Lib/Src/MCU_Init.o
 .text          0x00000000        0x0 Lib/Src/Timer.o
 .data          0x00000000        0x0 Lib/Src/Timer.o
 .bss           0x00000000        0x0 Lib/Src/Timer.o
 .text          0x00000000        0x0 Lib/Src/UART.o
 .data          0x00000000        0x0 Lib/Src/UART.o
 .bss           0x00000000        0x0 Lib/Src/UART.o
 .text.UART_Transmit
                0x00000000        0x8 Lib/Src/UART.o
 .text.UART_Transmit_String
                0x00000000       0x1e Lib/Src/UART.o
 .text          0x00000000        0x0 Lib/Src/Unit_Test.o
 .data          0x00000000        0x0 Lib/Src/Unit_Test.o
 .bss           0x00000000        0x0 Lib/Src/Unit_Test.o
 .text.Unit_Test_Led
                0x00000000       0x62 Lib/Src/Unit_Test.o
 .text.Unit_Test_Buttons
                0x00000000       0x72 Lib/Src/Unit_Test.o
 .bss.button_flag_blue
                0x00000000        0x1 Lib/Src/Unit_Test.o
 .bss.button_flag_red
                0x00000000        0x1 Lib/Src/Unit_Test.o
 .debug_info    0x00000000      0x238 Lib/Src/Unit_Test.o
 .debug_abbrev  0x00000000      0x126 Lib/Src/Unit_Test.o
 .debug_loc     0x00000000      0x173 Lib/Src/Unit_Test.o
 .debug_aranges
                0x00000000       0x28 Lib/Src/Unit_Test.o
 .debug_ranges  0x00000000       0x18 Lib/Src/Unit_Test.o
 .debug_line    0x00000000      0x1e9 Lib/Src/Unit_Test.o
 .debug_str     0x00000000      0x200 Lib/Src/Unit_Test.o
 .comment       0x00000000       0x31 Lib/Src/Unit_Test.o
 .debug_frame   0x00000000       0x34 Lib/Src/Unit_Test.o
 .text          0x00000000        0x0 main.o
 .data          0x00000000        0x0 main.o
 .bss           0x00000000        0x0 main.o
 .text          0x00000000        0x0 c:/program files (x86)/atmel/studio/7.0/toolchain/avr8/avr8-gnu-toolchain/bin/../lib/gcc/avr/5.4.0/avr5\libgcc.a(_exit.o)
 .data          0x00000000        0x0 c:/program files (x86)/atmel/studio/7.0/toolchain/avr8/avr8-gnu-toolchain/bin/../lib/gcc/avr/5.4.0/avr5\libgcc.a(_exit.o)
 .bss           0x00000000        0x0 c:/program files (x86)/atmel/studio/7.0/toolchain/avr8/avr8-gnu-toolchain/bin/../lib/gcc/avr/5.4.0/avr5\libgcc.a(_exit.o)
 .text.libgcc.mul
                0x00000000        0x0 c:/program files (x86)/atmel/studio/7.0/toolchain/avr8/avr8-gnu-toolchain/bin/../lib/gcc/avr/5.4.0/avr5\libgcc.a(_exit.o)
 .text.libgcc.div
                0x00000000        0x0 c:/program files (x86)/atmel/studio/7.0/toolchain/avr8/avr8-gnu-toolchain/bin/../lib/gcc/avr/5.4.0/avr5\libgcc.a(_exit.o)
 .text.libgcc   0x00000000        0x0 c:/program files (x86)/atmel/studio/7.0/toolchain/avr8/avr8-gnu-toolchain/bin/../lib/gcc/avr/5.4.0/avr5\libgcc.a(_exit.o)
 .text.libgcc.prologue
                0x00000000        0x0 c:/program files (x86)/atmel/studio/7.0/toolchain/avr8/avr8-gnu-toolchain/bin/../lib/gcc/avr/5.4.0/avr5\libgcc.a(_exit.o)
 .text.libgcc.builtins
                0x00000000        0x0 c:/program files (x86)/atmel/studio/7.0/toolchain/avr8/avr8-gnu-toolchain/bin/../lib/gcc/avr/5.4.0/avr5\libgcc.a(_exit.o)
 .text.libgcc.fmul
                0x00000000        0x0 c:/program files (x86)/atmel/studio/7.0/toolchain/avr8/avr8-gnu-toolchain/bin/../lib/gcc/avr/5.4.0/avr5\libgcc.a(_exit.o)
 .text.libgcc.fixed
                0x00000000        0x0 c:/program files (x86)/atmel/studio/7.0/toolchain/avr8/avr8-gnu-toolchain/bin/../lib/gcc/avr/5.4.0/avr5\libgcc.a(_exit.o)
 .text          0x00000000        0x0 c:/program files (x86)/atmel/studio/7.0/toolchain/avr8/avr8-gnu-toolchain/bin/../lib/gcc/avr/5.4.0/avr5\libgcc.a(_copy_data.o)
 .data          0x00000000        0x0 c:/program files (x86)/atmel/studio/7.0/toolchain/avr8/avr8-gnu-toolchain/bin/../lib/gcc/avr/5.4.0/avr5\libgcc.a(_copy_data.o)
 .bss           0x00000000        0x0 c:/program files (x86)/atmel/studio/7.0/toolchain/avr8/avr8-gnu-toolchain/bin/../lib/gcc/avr/5.4.0/avr5\libgcc.a(_copy_data.o)
 .text.libgcc.mul
                0x00000000        0x0 c:/program files (x86)/atmel/studio/7.0/toolchain/avr8/avr8-gnu-toolchain/bin/../lib/gcc/avr/5.4.0/avr5\libgcc.a(_copy_data.o)
 .text.libgcc.div
                0x00000000        0x0 c:/program files (x86)/atmel/studio/7.0/toolchain/avr8/avr8-gnu-toolchain/bin/../lib/gcc/avr/5.4.0/avr5\libgcc.a(_copy_data.o)
 .text.libgcc   0x00000000        0x0 c:/program files (x86)/atmel/studio/7.0/toolchain/avr8/avr8-gnu-toolchain/bin/../lib/gcc/avr/5.4.0/avr5\libgcc.a(_copy_data.o)
 .text.libgcc.prologue
                0x00000000        0x0 c:/program files (x86)/atmel/studio/7.0/toolchain/avr8/avr8-gnu-toolchain/bin/../lib/gcc/avr/5.4.0/avr5\libgcc.a(_copy_data.o)
 .text.libgcc.builtins
                0x00000000        0x0 c:/program files (x86)/atmel/studio/7.0/toolchain/avr8/avr8-gnu-toolchain/bin/../lib/gcc/avr/5.4.0/avr5\libgcc.a(_copy_data.o)
 .text.libgcc.fmul
                0x00000000        0x0 c:/program files (x86)/atmel/studio/7.0/toolchain/avr8/avr8-gnu-toolchain/bin/../lib/gcc/avr/5.4.0/avr5\libgcc.a(_copy_data.o)
 .text.libgcc.fixed
                0x00000000        0x0 c:/program files (x86)/atmel/studio/7.0/toolchain/avr8/avr8-gnu-toolchain/bin/../lib/gcc/avr/5.4.0/avr5\libgcc.a(_copy_data.o)
 .text          0x00000000        0x0 c:/program files (x86)/atmel/studio/7.0/toolchain/avr8/avr8-gnu-toolchain/bin/../lib/gcc/avr/5.4.0/avr5\libgcc.a(_clear_bss.o)
 .data          0x00000000        0x0 c:/program files (x86)/atmel/studio/7.0/toolchain/avr8/avr8-gnu-toolchain/bin/../lib/gcc/avr/5.4.0/avr5\libgcc.a(_clear_bss.o)
 .bss           0x00000000        0x0 c:/program files (x86)/atmel/studio/7.0/toolchain/avr8/avr8-gnu-toolchain/bin/../lib/gcc/avr/5.4.0/avr5\libgcc.a(_clear_bss.o)
 .text.libgcc.mul
                0x00000000        0x0 c:/program files (x86)/atmel/studio/7.0/toolchain/avr8/avr8-gnu-toolchain/bin/../lib/gcc/avr/5.4.0/avr5\libgcc.a(_clear_bss.o)
 .text.libgcc.div
                0x00000000        0x0 c:/program files (x86)/atmel/studio/7.0/toolchain/avr8/avr8-gnu-toolchain/bin/../lib/gcc/avr/5.4.0/avr5\libgcc.a(_clear_bss.o)
 .text.libgcc   0x00000000        0x0 c:/program files (x86)/atmel/studio/7.0/toolchain/avr8/avr8-gnu-toolchain/bin/../lib/gcc/avr/5.4.0/avr5\libgcc.a(_clear_bss.o)
 .text.libgcc.prologue
                0x00000000        0x0 c:/program files (x86)/atmel/studio/7.0/toolchain/avr8/avr8-gnu-toolchain/bin/../lib/gcc/avr/5.4.0/avr5\libgcc.a(_clear_bss.o)
 .text.libgcc.builtins
                0x00000000        0x0 c:/program files (x86)/atmel/studio/7.0/toolchain/avr8/avr8-gnu-toolchain/bin/../lib/gcc/avr/5.4.0/avr5\libgcc.a(_clear_bss.o)
 .text.libgcc.fmul
                0x00000000        0x0 c:/program files (x86)/atmel/studio/7.0/toolchain/avr8/avr8-gnu-toolchain/bin/../lib/gcc/avr/5.4.0/avr5\libgcc.a(_clear_bss.o)
 .text.libgcc.fixed
                0x00000000        0x0 c:/program files (x86)/atmel/studio/7.0/toolchain/avr8/avr8-gnu-toolchain/bin/../lib/gcc/avr/5.4.0/avr5\libgcc.a(_clear_bss.o)
 .text          0x00000000        0x0 c:/program files (x86)/atmel/studio/7.0/toolchain/avr8/avr8-gnu-toolchain/bin/../lib/gcc/avr/5.4.0/../../../../avr/lib/avr5\libc.a(sprintf.o)
 .data          0x00000000        0x0 c:/program files (x86)/atmel/studio/7.0/toolchain/avr8/avr8-gnu-toolchain/bin/../lib/gcc/avr/5.4.0/../../../../avr/lib/avr5\libc.a(sprintf.o)
 .bss           0x00000000        0x0 c:/program files (x86)/atmel/studio/7.0/toolchain/avr8/avr8-gnu-toolchain/bin/../lib/gcc/avr/5.4.0/../../../../avr/lib/avr5\libc.a(sprintf.o)
 .text          0x00000000        0x0 c:/program files (x86)/atmel/studio/7.0/toolchain/avr8/avr8-gnu-toolchain/bin/../lib/gcc/avr/5.4.0/../../../../avr/lib/avr5\libc.a(vfprintf_std.o)
 .data          0x00000000        0x0 c:/program files (x86)/atmel/studio/7.0/toolchain/avr8/avr8-gnu-toolchain/bin/../lib/gcc/avr/5.4.0/../../../../avr/lib/avr5\libc.a(vfprintf_std.o)
 .bss           0x00000000        0x0 c:/program files (x86)/atmel/studio/7.0/toolchain/avr8/avr8-gnu-toolchain/bin/../lib/gcc/avr/5.4.0/../../../../avr/lib/avr5\libc.a(vfprintf_std.o)
 .text          0x00000000        0x0 c:/program files (x86)/atmel/studio/7.0/toolchain/avr8/avr8-gnu-toolchain/bin/../lib/gcc/avr/5.4.0/../../../../avr/lib/avr5\libc.a(strnlen_P.o)
 .data          0x00000000        0x0 c:/program files (x86)/atmel/studio/7.0/toolchain/avr8/avr8-gnu-toolchain/bin/../lib/gcc/avr/5.4.0/../../../../avr/lib/avr5\libc.a(strnlen_P.o)
 .bss           0x00000000        0x0 c:/program files (x86)/atmel/studio/7.0/toolchain/avr8/avr8-gnu-toolchain/bin/../lib/gcc/avr/5.4.0/../../../../avr/lib/avr5\libc.a(strnlen_P.o)
 .text          0x00000000        0x0 c:/program files (x86)/atmel/studio/7.0/toolchain/avr8/avr8-gnu-toolchain/bin/../lib/gcc/avr/5.4.0/../../../../avr/lib/avr5\libc.a(strnlen.o)
 .data          0x00000000        0x0 c:/program files (x86)/atmel/studio/7.0/toolchain/avr8/avr8-gnu-toolchain/bin/../lib/gcc/avr/5.4.0/../../../../avr/lib/avr5\libc.a(strnlen.o)
 .bss           0x00000000        0x0 c:/program files (x86)/atmel/studio/7.0/toolchain/avr8/avr8-gnu-toolchain/bin/../lib/gcc/avr/5.4.0/../../../../avr/lib/avr5\libc.a(strnlen.o)
 .text          0x00000000        0x0 c:/program files (x86)/atmel/studio/7.0/toolchain/avr8/avr8-gnu-toolchain/bin/../lib/gcc/avr/5.4.0/../../../../avr/lib/avr5\libc.a(fputc.o)
 .data          0x00000000        0x0 c:/program files (x86)/atmel/studio/7.0/toolchain/avr8/avr8-gnu-toolchain/bin/../lib/gcc/avr/5.4.0/../../../../avr/lib/avr5\libc.a(fputc.o)
 .bss           0x00000000        0x0 c:/program files (x86)/atmel/studio/7.0/toolchain/avr8/avr8-gnu-toolchain/bin/../lib/gcc/avr/5.4.0/../../../../avr/lib/avr5\libc.a(fputc.o)
 .text          0x00000000        0x0 c:/program files (x86)/atmel/studio/7.0/toolchain/avr8/avr8-gnu-toolchain/bin/../lib/gcc/avr/5.4.0/../../../../avr/lib/avr5\libc.a(ultoa_invert.o)
 .data          0x00000000        0x0 c:/program files (x86)/atmel/studio/7.0/toolchain/avr8/avr8-gnu-toolchain/bin/../lib/gcc/avr/5.4.0/../../../../avr/lib/avr5\libc.a(ultoa_invert.o)
 .bss           0x00000000        0x0 c:/program files (x86)/atmel/studio/7.0/toolchain/avr8/avr8-gnu-toolchain/bin/../lib/gcc/avr/5.4.0/../../../../avr/lib/avr5\libc.a(ultoa_invert.o)
 .text          0x00000000        0x0 c:/program files (x86)/atmel/studio/7.0/toolchain/avr8/avr8-gnu-toolchain/bin/../lib/gcc/avr/5.4.0/avr5\libgcc.a(_prologue.o)
 .data          0x00000000        0x0 c:/program files (x86)/atmel/studio/7.0/toolchain/avr8/avr8-gnu-toolchain/bin/../lib/gcc/avr/5.4.0/avr5\libgcc.a(_prologue.o)
 .bss           0x00000000        0x0 c:/program files (x86)/atmel/studio/7.0/toolchain/avr8/avr8-gnu-toolchain/bin/../lib/gcc/avr/5.4.0/avr5\libgcc.a(_prologue.o)
 .text.libgcc.mul
                0x00000000        0x0 c:/program files (x86)/atmel/studio/7.0/toolchain/avr8/avr8-gnu-toolchain/bin/../lib/gcc/avr/5.4.0/avr5\libgcc.a(_prologue.o)
 .text.libgcc.div
                0x00000000        0x0 c:/program files (x86)/atmel/studio/7.0/toolchain/avr8/avr8-gnu-toolchain/bin/../lib/gcc/avr/5.4.0/avr5\libgcc.a(_prologue.o)
 .text.libgcc   0x00000000        0x0 c:/program files (x86)/atmel/studio/7.0/toolchain/avr8/avr8-gnu-toolchain/bin/../lib/gcc/avr/5.4.0/avr5\libgcc.a(_prologue.o)
 .text.libgcc.builtins
                0x00000000        0x0 c:/program files (x86)/atmel/studio/7.0/toolchain/avr8/avr8-gnu-toolchain/bin/../lib/gcc/avr/5.4.0/avr5\libgcc.a(_prologue.o)
 .text.libgcc.fmul
                0x00000000        0x0 c:/program files (x86)/atmel/studio/7.0/toolchain/avr8/avr8-gnu-toolchain/bin/../lib/gcc/avr/5.4.0/avr5\libgcc.a(_prologue.o)
 .text.libgcc.fixed
                0x00000000        0x0 c:/program files (x86)/atmel/studio/7.0/toolchain/avr8/avr8-gnu-toolchain/bin/../lib/gcc/avr/5.4.0/avr5\libgcc.a(_prologue.o)
 .text          0x00000000        0x0 c:/program files (x86)/atmel/studio/7.0/toolchain/avr8/avr8-gnu-toolchain/bin/../lib/gcc/avr/5.4.0/avr5\libgcc.a(_epilogue.o)
 .data          0x00000000        0x0 c:/program files (x86)/atmel/studio/7.0/toolchain/avr8/avr8-gnu-toolchain/bin/../lib/gcc/avr/5.4.0/avr5\libgcc.a(_epilogue.o)
 .bss           0x00000000        0x0 c:/program files (x86)/atmel/studio/7.0/toolchain/avr8/avr8-gnu-toolchain/bin/../lib/gcc/avr/5.4.0/avr5\libgcc.a(_epilogue.o)
 .text.libgcc.mul
                0x00000000        0x0 c:/program files (x86)/atmel/studio/7.0/toolchain/avr8/avr8-gnu-toolchain/bin/../lib/gcc/avr/5.4.0/avr5\libgcc.a(_epilogue.o)
 .text.libgcc.div
                0x00000000        0x0 c:/program files (x86)/atmel/studio/7.0/toolchain/avr8/avr8-gnu-toolchain/bin/../lib/gcc/avr/5.4.0/avr5\libgcc.a(_epilogue.o)
 .text.libgcc   0x00000000        0x0 c:/program files (x86)/atmel/studio/7.0/toolchain/avr8/avr8-gnu-toolchain/bin/../lib/gcc/avr/5.4.0/avr5\libgcc.a(_epilogue.o)
 .text.libgcc.builtins
                0x00000000        0x0 c:/program files (x86)/atmel/studio/7.0/toolchain/avr8/avr8-gnu-toolchain/bin/../lib/gcc/avr/5.4.0/avr5\libgcc.a(_epilogue.o)
 .text.libgcc.fmul
                0x00000000        0x0 c:/program files (x86)/atmel/studio/7.0/toolchain/avr8/avr8-gnu-toolchain/bin/../lib/gcc/avr/5.4.0/avr5\libgcc.a(_epilogue.o)
 .text.libgcc.fixed
                0x00000000        0x0 c:/program files (x86)/atmel/studio/7.0/toolchain/avr8/avr8-gnu-toolchain/bin/../lib/gcc/avr/5.4.0/avr5\libgcc.a(_epilogue.o)

Memory Configuration

Name             Origin             Length             Attributes
text             0x00000000         0x00020000         xr
data             0x00800060         0x0000ffa0         rw !x
eeprom           0x00810000         0x00010000         rw !x
fuse             0x00820000         0x00000002         rw !x
lock             0x00830000         0x00000400         rw !x
signature        0x00840000         0x00000400         rw !x
user_signatures  0x00850000         0x00000400         rw !x
*default*        0x00000000         0xffffffff

Linker script and memory map

LOAD C:/Program Files (x86)/Atmel/Studio/7.0/Packs/atmel/ATmega_DFP/1.2.209/gcc/dev/atmega16/avr5/crtatmega16.o
LOAD Lib/Src/AT24C32.o
LOAD Lib/Src/Buzzer.o
LOAD Lib/Src/Clock.o
LOAD Lib/Src/DS1307.o
LOAD Lib/Src/I2C.o
LOAD Lib/Src/LCD.o
LOAD Lib/Src/MCU_Init.o
LOAD Lib/Src/Timer.o
LOAD Lib/Src/UART.o
LOAD Lib/Src/Unit_Test.o
LOAD main.o
START GROUP
LOAD c:/program files (x86)/atmel/studio/7.0/toolchain/avr8/avr8-gnu-toolchain/bin/../lib/gcc/avr/5.4.0/../../../../avr/lib/avr5\libm.a
END GROUP
START GROUP
LOAD c:/program files (x86)/atmel/studio/7.0/toolchain/avr8/avr8-gnu-toolchain/bin/../lib/gcc/avr/5.4.0/avr5\libgcc.a
LOAD c:/program files (x86)/atmel/studio/7.0/toolchain/avr8/avr8-gnu-toolchain/bin/../lib/gcc/avr/5.4.0/../../../../avr/lib/avr5\libm.a
LOAD c:/program files (x86)/atmel/studio/7.0/toolchain/avr8/avr8-gnu-toolchain/bin/../lib/gcc/avr/5.4.0/../../../../avr/lib/avr5\libc.a
LOAD C:/Program Files (x86)/Atmel/Studio/7.0/Packs/atmel/ATmega_DFP/1.2.209/gcc/dev/atmega16/avr5\libatmega16.a
END GROUP
                0x00020000                __TEXT_REGION_LENGTH__ = DEFINED (__TEXT_REGION_LENGTH__)?__TEXT_REGION_LENGTH__:0x20000
                0x0000ffa0                __DATA_REGION_LENGTH__ = DEFINED (__DATA_REGION_LENGTH__)?__DATA_REGION_LENGTH__:0xffa0
                0x00010000                __EEPROM_REGION_LENGTH__ = DEFINED (__EEPROM_REGION_LENGTH__)?__EEPROM_REGION_LENGTH__:0x10000
                [0x00000002]                __FUSE_REGION_LENGTH__ = DEFINED (__FUSE_REGION_LENGTH__)?__FUSE_REGION_LENGTH__:0x400
                0x00000400                __LOCK_REGION_LENGTH__ = DEFINED (__LOCK_REGION_LENGTH__)?__LOCK_REGION_LENGTH__:0x400
                0x00000400                __SIGNATURE_REGION_LENGTH__ = DEFINED (__SIGNATURE_REGION_LENGTH__)?__SIGNATURE_REGION_LENGTH__:0x400
                0x00000400                __USER_SIGNATURE_REGION_LENGTH__ = DEFINED (__USER_SIGNATURE_REGION_LENGTH__)?__USER_SIGNATURE_REGION_LENGTH__:0x400

.hash
 *(.hash)

.dynsym
 *(.dynsym)

.dynstr
 *(.dynstr)

.gnu.version
 *(.gnu.version)

.gnu.version_d
 *(.gnu.version_d)

.gnu.version_r
 *(.gnu.version_r)

.rel.init
 *(.rel.init)

.rela.init
 *(.rela.init)

.rel.text
 *(.rel.text)
 *(.rel.text.*)
 *(.rel.gnu.linkonce.t*)

.rela.text
 *(.rela.text)
 *(.rela.text.*)
 *(.rela.gnu.linkonce.t*)

.rel.fini
 *(.rel.fini)

.rela.fini
 *(.rela.fini)

.rel.rodata
 *(.rel.rodata)
 *(.rel.rodata.*)
 *(.rel.gnu.linkonce.r*)

.rela.rodata
 *(.rela.rodata)
 *(.rela.rodata.*)
 *(.rela.gnu.linkonce.r*)

.rel.data
 *(.rel.data)
 *(.rel.data.*)
 *(.rel.gnu.linkonce.d*)

.rela.data
 *(.rela.data)
 *(.rela.data.*)
 *(.rela.gnu.linkonce.d*)

.rel.ctors
 *(.rel.ctors)

.rela.ctors
 *(.rela.ctors)

.rel.dtors
 *(.rel.dtors)

.rela.dtors
 *(.rela.dtors)

.rel.got
 *(.rel.got)

.rela.got
 *(.rela.got)

.rel.bss
 *(.rel.bss)

.rela.bss
 *(.rela.bss)

.rel.plt
 *(.rel.plt)

.rela.plt
 *(.rela.plt)

.text           0x00000000      0xfcc
 *(.vectors)
 .vectors       0x00000000       0x54 C:/Program Files (x86)/Atmel/Studio/7.0/Packs/atmel/ATmega_DFP/1.2.209/gcc/dev/atmega16/avr5/crtatmega16.o
                0x00000000                __vector_default
                0x00000000                __vectors
 *(.vectors)
 *(.progmem.gcc*)
                0x00000054                . = ALIGN (0x2)
                0x00000054                __trampolines_start = .
 *(.trampolines)
 .trampolines   0x00000054        0x0 linker stubs
 *(.trampolines*)
                0x00000054                __trampolines_end = .
 *libprintf_flt.a:*(.progmem.data)
 *libc.a:*(.progmem.data)
 *(.progmem*)
                0x00000054                . = ALIGN (0x2)
 *(.jumptables)
 *(.jumptables*)
 *(.lowtext)
 *(.lowtext*)
                0x00000054                __ctors_start = .
 *(.ctors)
                0x00000054                __ctors_end = .
                0x00000054                __dtors_start = .
 *(.dtors)
                0x00000054                __dtors_end = .
 SORT(*)(.ctors)
 SORT(*)(.dtors)
 *(.init0)
 .init0         0x00000054        0x0 C:/Program Files (x86)/Atmel/Studio/7.0/Packs/atmel/ATmega_DFP/1.2.209/gcc/dev/atmega16/avr5/crtatmega16.o
                0x00000054                __init
 *(.init0)
 *(.init1)
 *(.init1)
 *(.init2)
 .init2         0x00000054        0xc C:/Program Files (x86)/Atmel/Studio/7.0/Packs/atmel/ATmega_DFP/1.2.209/gcc/dev/atmega16/avr5/crtatmega16.o
 *(.init2)
 *(.init3)
 *(.init3)
 *(.init4)
 .init4         0x00000060       0x16 c:/program files (x86)/atmel/studio/7.0/toolchain/avr8/avr8-gnu-toolchain/bin/../lib/gcc/avr/5.4.0/avr5\libgcc.a(_copy_data.o)
                0x00000060                __do_copy_data
 .init4         0x00000076       0x10 c:/program files (x86)/atmel/studio/7.0/toolchain/avr8/avr8-gnu-toolchain/bin/../lib/gcc/avr/5.4.0/avr5\libgcc.a(_clear_bss.o)
                0x00000076                __do_clear_bss
 *(.init4)
 *(.init5)
 *(.init5)
 *(.init6)
 *(.init6)
 *(.init7)
 *(.init7)
 *(.init8)
 *(.init8)
 *(.init9)
 .init9         0x00000086        0x8 C:/Program Files (x86)/Atmel/Studio/7.0/Packs/atmel/ATmega_DFP/1.2.209/gcc/dev/atmega16/avr5/crtatmega16.o
 *(.init9)
 *(.text)
 .text          0x0000008e        0x4 C:/Program Files (x86)/Atmel/Studio/7.0/Packs/atmel/ATmega_DFP/1.2.209/gcc/dev/atmega16/avr5/crtatmega16.o
                0x0000008e                __vector_1
                0x0000008e                __vector_12
                0x0000008e                __bad_interrupt
                0x0000008e                __vector_3
                0x0000008e                __vector_11
                0x0000008e                __vector_13
                0x0000008e                __vector_17
                0x0000008e                __vector_19
                0x0000008e                __vector_7
                0x0000008e                __vector_5
                0x0000008e                __vector_4
                0x0000008e                __vector_9
                0x0000008e                __vector_2
                0x0000008e                __vector_15
                0x0000008e                __vector_8
                0x0000008e                __vector_14
                0x0000008e                __vector_10
                0x0000008e                __vector_16
                0x0000008e                __vector_18
                0x0000008e                __vector_20
                0x00000092                . = ALIGN (0x2)
 *(.text.*)
 .text.AT24C32_Write
                0x00000092       0x14 Lib/Src/AT24C32.o
                0x00000092                AT24C32_Write
 .text.AT24C32_Read
                0x000000a6       0x14 Lib/Src/AT24C32.o
                0x000000a6                AT24C32_Read
 .text.Buzzer_Play
                0x000000ba       0x1a Lib/Src/Buzzer.o
                0x000000ba                Buzzer_Play
 .text.Alarm_Get_Current_Value_Ptr
                0x000000d4       0x14 Lib/Src/Clock.o
                0x000000d4                Alarm_Get_Current_Value_Ptr
 .text.Get_Current_Value_Ptr
                0x000000e8       0x14 Lib/Src/Clock.o
                0x000000e8                Get_Current_Value_Ptr
 .text.Get_Current_Value
                0x000000fc       0x1e Lib/Src/Clock.o
                0x000000fc                Get_Current_Value
 .text.Alarm_Get_Current_Value
                0x0000011a       0x1e Lib/Src/Clock.o
                0x0000011a                Alarm_Get_Current_Value
 .text.Display_Current_Setting
                0x00000138      0x138 Lib/Src/Clock.o
                0x00000138                Display_Current_Setting
 .text.Display_Time
                0x00000270       0xf6 Lib/Src/Clock.o
                0x00000270                Display_Time
 .text.Increase_Value
                0x00000366       0x20 Lib/Src/Clock.o
                0x00000366                Increase_Value
 .text.Alarm_Increase_Value
                0x00000386       0x20 Lib/Src/Clock.o
                0x00000386                Alarm_Increase_Value
 .text.Save_Setting
                0x000003a6       0x2e Lib/Src/Clock.o
                0x000003a6                Save_Setting
 .text.Enter_Set_Time_Mode
                0x000003d4       0x66 Lib/Src/Clock.o
                0x000003d4                Enter_Set_Time_Mode
 .text.Enter_Set_Alarm_Mode
                0x0000043a       0x66 Lib/Src/Clock.o
                0x0000043a                Enter_Set_Alarm_Mode
 .text.Clock_Alarm
                0x000004a0      0x12e Lib/Src/Clock.o
                0x000004a0                Clock_Alarm
 .text.RTC_Bin_To_Dec
                0x000005ce       0x16 Lib/Src/DS1307.o
                0x000005ce                RTC_Bin_To_Dec
 .text.RTC_Dec_To_Bin
                0x000005e4       0x26 Lib/Src/DS1307.o
                0x000005e4                RTC_Dec_To_Bin
 .text.DS1307_Set_Time
                0x0000060a       0x46 Lib/Src/DS1307.o
                0x0000060a                DS1307_Set_Time
 .text.DS1307_Read_Time
                0x00000650       0x5c Lib/Src/DS1307.o
                0x00000650                DS1307_Read_Time
 .text.I2C_init
                0x000006ac        0x6 Lib/Src/I2C.o
                0x000006ac                I2C_init
 .text.I2C_Start
                0x000006b2        0xc Lib/Src/I2C.o
                0x000006b2                I2C_Start
 .text.I2C_Stop
                0x000006be        0x6 Lib/Src/I2C.o
                0x000006be                I2C_Stop
 .text.I2C_Send_Byte
                0x000006c4       0x12 Lib/Src/I2C.o
                0x000006c4                I2C_Send_Byte
 .text.I2C_Read_Byte
                0x000006d6        0xe Lib/Src/I2C.o
                0x000006d6                I2C_Read_Byte
 .text.I2C_Read_Last_Byte
                0x000006e4        0xe Lib/Src/I2C.o
                0x000006e4                I2C_Read_Last_Byte
 .text.I2C_Master_Write
                0x000006f2       0x68 Lib/Src/I2C.o
                0x000006f2                I2C_Master_Write
 .text.I2C_Master_Read
                0x0000075a       0xac Lib/Src/I2C.o
                0x0000075a                I2C_Master_Read
 .text.LCD_Send_Half_Byte
                0x00000806       0x28 Lib/Src/LCD.o
                0x00000806                LCD_Send_Half_Byte
 .text.LCD_Send_Byte
                0x0000082e       0x24 Lib/Src/LCD.o
                0x0000082e                LCD_Send_Byte
 .text.LCD_Init
                0x00000852       0x92 Lib/Src/LCD.o
                0x00000852                LCD_Init
 .text.LCD_Send_Char
                0x000008e4        0x8 Lib/Src/LCD.o
                0x000008e4                LCD_Send_Char
 .text.LCD_Set_Cursor
                0x000008ec       0x12 Lib/Src/LCD.o
                0x000008ec                LCD_Set_Cursor
 .text.LCD_Clear
                0x000008fe       0x16 Lib/Src/LCD.o
                0x000008fe                LCD_Clear
 .text.LCD_String
                0x00000914       0x1e Lib/Src/LCD.o
                0x00000914                LCD_String
 .text.GPIO_Init
                0x00000932       0x24 Lib/Src/MCU_Init.o
                0x00000932                GPIO_Init
 .text.MCU_Init
                0x00000956       0x1a Lib/Src/MCU_Init.o
                0x00000956                MCU_Init
 .text.__vector_6
                0x00000970       0x34 Lib/Src/Timer.o
                0x00000970                __vector_6
 .text.Timer_Init
                0x000009a4       0x1a Lib/Src/Timer.o
                0x000009a4                Timer_Init
 .text.UART_init
                0x000009be       0x10 Lib/Src/UART.o
                0x000009be                UART_init
 .text.main     0x000009ce       0x26 main.o
                0x000009ce                main
 .text.avr-libc
                0x000009f4       0x44 c:/program files (x86)/atmel/studio/7.0/toolchain/avr8/avr8-gnu-toolchain/bin/../lib/gcc/avr/5.4.0/../../../../avr/lib/avr5\libc.a(sprintf.o)
                0x000009f4                sprintf
 .text.avr-libc
                0x00000a38      0x3c2 c:/program files (x86)/atmel/studio/7.0/toolchain/avr8/avr8-gnu-toolchain/bin/../lib/gcc/avr/5.4.0/../../../../avr/lib/avr5\libc.a(vfprintf_std.o)
                0x00000a38                vfprintf
 .text.avr-libc
                0x00000dfa       0x16 c:/program files (x86)/atmel/studio/7.0/toolchain/avr8/avr8-gnu-toolchain/bin/../lib/gcc/avr/5.4.0/../../../../avr/lib/avr5\libc.a(strnlen_P.o)
                0x00000dfa                strnlen_P
 .text.avr-libc
                0x00000e10       0x16 c:/program files (x86)/atmel/studio/7.0/toolchain/avr8/avr8-gnu-toolchain/bin/../lib/gcc/avr/5.4.0/../../../../avr/lib/avr5\libc.a(strnlen.o)
                0x00000e10                strnlen
 .text.avr-libc
                0x00000e26       0x78 c:/program files (x86)/atmel/studio/7.0/toolchain/avr8/avr8-gnu-toolchain/bin/../lib/gcc/avr/5.4.0/../../../../avr/lib/avr5\libc.a(fputc.o)
                0x00000e26                fputc
 .text.avr-libc
                0x00000e9e       0xbc c:/program files (x86)/atmel/studio/7.0/toolchain/avr8/avr8-gnu-toolchain/bin/../lib/gcc/avr/5.4.0/../../../../avr/lib/avr5\libc.a(ultoa_invert.o)
                0x00000e9e                __ultoa_invert
 .text.libgcc.prologue
                0x00000f5a       0x38 c:/program files (x86)/atmel/studio/7.0/toolchain/avr8/avr8-gnu-toolchain/bin/../lib/gcc/avr/5.4.0/avr5\libgcc.a(_prologue.o)
                0x00000f5a                __prologue_saves__
 .text.libgcc.prologue
                0x00000f92       0x36 c:/program files (x86)/atmel/studio/7.0/toolchain/avr8/avr8-gnu-toolchain/bin/../lib/gcc/avr/5.4.0/avr5\libgcc.a(_epilogue.o)
                0x00000f92                __epilogue_restores__
                0x00000fc8                . = ALIGN (0x2)
 *(.fini9)
 .fini9         0x00000fc8        0x0 c:/program files (x86)/atmel/studio/7.0/toolchain/avr8/avr8-gnu-toolchain/bin/../lib/gcc/avr/5.4.0/avr5\libgcc.a(_exit.o)
                0x00000fc8                _exit
                0x00000fc8                exit
 *(.fini9)
 *(.fini8)
 *(.fini8)
 *(.fini7)
 *(.fini7)
 *(.fini6)
 *(.fini6)
 *(.fini5)
 *(.fini5)
 *(.fini4)
 *(.fini4)
 *(.fini3)
 *(.fini3)
 *(.fini2)
 *(.fini2)
 *(.fini1)
 *(.fini1)
 *(.fini0)
 .fini0         0x00000fc8        0x4 c:/program files (x86)/atmel/studio/7.0/toolchain/avr8/avr8-gnu-toolchain/bin/../lib/gcc/avr/5.4.0/avr5\libgcc.a(_exit.o)
 *(.fini0)
                0x00000fcc                _etext = .

.data           0x00800060       0x84 load address 0x00000fcc
                0x00800060                PROVIDE (__data_start, .)
 *(.data)
 *(.data*)
 .data.last_minutes
                0x00800060        0x1 Lib/Src/Clock.o
                0x00800060                last_minutes
 .data.latest_get_current_value
                0x00800061        0x1 Lib/Src/Clock.o
                0x00800061                latest_get_current_value
 .data.minutes  0x00800062        0x1 Lib/Src/Clock.o
                0x00800062                minutes
 .data.hours    0x00800063        0x1 Lib/Src/Clock.o
                0x00800063                hours
 *(.gnu.linkonce.d*)
 *(.rodata)
 *(.rodata*)
 .rodata.str1.1
                0x00800064       0x7a Lib/Src/Clock.o
                                 0x88 (size before relaxing)
 .rodata.max_values
                0x008000de        0x6 Lib/Src/Clock.o
                0x008000de                max_values
 *(.gnu.linkonce.r*)
                0x008000e4                . = ALIGN (0x2)
                0x008000e4                _edata = .
                0x008000e4                PROVIDE (__data_end, .)

.bss            0x008000e4        0xe
                0x008000e4                PROVIDE (__bss_start, .)
 *(.bss)
 *(.bss*)
 .bss.data_from_eeprom
                0x008000e4        0x2 Lib/Src/Clock.o
                0x008000e4                data_from_eeprom
 .bss.data_to_send
                0x008000e6        0x2 Lib/Src/Clock.o
                0x008000e6                data_to_send
 .bss.finish_menu
                0x008000e8        0x1 Lib/Src/Clock.o
                0x008000e8                finish_menu
 .bss.alarm_minutes
                0x008000e9        0x1 Lib/Src/Clock.o
                0x008000e9                alarm_minutes
 .bss.alarm_hours
                0x008000ea        0x1 Lib/Src/Clock.o
                0x008000ea                alarm_hours
 .bss.selected_parameter
                0x008000eb        0x1 Lib/Src/Clock.o
                0x008000eb                selected_parameter
 .bss.Current_Mode
                0x008000ec        0x1 Lib/Src/Clock.o
                0x008000ec                Current_Mode
 .bss.flag_set  0x008000ed        0x1 Lib/Src/Clock.o
                0x008000ed                flag_set
 .bss.time      0x008000ee        0x3 Lib/Src/DS1307.o
                0x008000ee                time
 .bss.timer_flag
                0x008000f1        0x1 Lib/Src/Timer.o
                0x008000f1                timer_flag
 *(COMMON)
                0x008000f2                PROVIDE (__bss_end, .)
                0x00000fcc                __data_load_start = LOADADDR (.data)
                0x00001050                __data_load_end = (__data_load_start + SIZEOF (.data))

.noinit         0x008000f2        0x0
                [!provide]                PROVIDE (__noinit_start, .)
 *(.noinit*)
                [!provide]                PROVIDE (__noinit_end, .)
                0x008000f2                _end = .
                [!provide]                PROVIDE (__heap_start, .)

.eeprom         0x00810000        0x0
 *(.eeprom*)
                0x00810000                __eeprom_end = .

.fuse
 *(.fuse)
 *(.lfuse)
 *(.hfuse)
 *(.efuse)

.lock
 *(.lock*)

.signature
 *(.signature*)

.user_signatures
 *(.user_signatures*)

.stab
 *(.stab)

.stabstr
 *(.stabstr)

.stab.excl
 *(.stab.excl)

.stab.exclstr
 *(.stab.exclstr)

.stab.index
 *(.stab.index)

.stab.indexstr
 *(.stab.indexstr)

.comment        0x00000000       0x5c
 *(.comment)
 .comment       0x00000000       0x30 Lib/Src/AT24C32.o
                                 0x31 (size before relaxing)
 .comment       0x00000030       0x31 Lib/Src/Buzzer.o
 .comment       0x00000030       0x31 Lib/Src/Clock.o
 .comment       0x00000030       0x31 Lib/Src/DS1307.o
 .comment       0x00000030       0x31 Lib/Src/I2C.o
 .comment       0x00000030       0x31 Lib/Src/LCD.o
 .comment       0x00000030       0x31 Lib/Src/MCU_Init.o
 .comment       0x00000030       0x31 Lib/Src/Timer.o
 .comment       0x00000030       0x31 Lib/Src/UART.o
 .comment       0x00000030       0x31 main.o
 .comment       0x00000030       0x31 c:/program files (x86)/atmel/studio/7.0/toolchain/avr8/avr8-gnu-toolchain/bin/../lib/gcc/avr/5.4.0/../../../../avr/lib/avr5\libc.a(sprintf.o)
 .comment       0x00000030       0x2c c:/program files (x86)/atmel/studio/7.0/toolchain/avr8/avr8-gnu-toolchain/bin/../lib/gcc/avr/5.4.0/../../../../avr/lib/avr5\libc.a(vfprintf_std.o)
                                 0x2d (size before relaxing)
 .comment       0x0000005c       0x31 c:/program files (x86)/atmel/studio/7.0/toolchain/avr8/avr8-gnu-toolchain/bin/../lib/gcc/avr/5.4.0/../../../../avr/lib/avr5\libc.a(fputc.o)

.note.gnu.avr.deviceinfo
                0x00000000       0x3c
 .note.gnu.avr.deviceinfo
                0x00000000       0x3c C:/Program Files (x86)/Atmel/Studio/7.0/Packs/atmel/ATmega_DFP/1.2.209/gcc/dev/atmega16/avr5/crtatmega16.o

.note.gnu.build-id
 *(.note.gnu.build-id)

.debug
 *(.debug)

.line
 *(.line)

.debug_srcinfo
 *(.debug_srcinfo)

.debug_sfnames
 *(.debug_sfnames)

.debug_aranges  0x00000000      0x248
 *(.debug_aranges)
 .debug_aranges
                0x00000000       0x28 Lib/Src/AT24C32.o
 .debug_aranges
                0x00000028       0x20 Lib/Src/Buzzer.o
 .debug_aranges
                0x00000048       0x78 Lib/Src/Clock.o
 .debug_aranges
                0x000000c0       0x38 Lib/Src/DS1307.o
 .debug_aranges
                0x000000f8       0x60 Lib/Src/I2C.o
 .debug_aranges
                0x00000158       0x50 Lib/Src/LCD.o
 .debug_aranges
                0x000001a8       0x28 Lib/Src/MCU_Init.o
 .debug_aranges
                0x000001d0       0x28 Lib/Src/Timer.o
 .debug_aranges
                0x000001f8       0x30 Lib/Src/UART.o
 .debug_aranges
                0x00000228       0x20 main.o

.debug_pubnames
 *(.debug_pubnames)

.debug_info     0x00000000     0x26e1
 *(.debug_info .gnu.linkonce.wi.*)
 .debug_info    0x00000000      0x52e C:/Program Files (x86)/Atmel/Studio/7.0/Packs/atmel/ATmega_DFP/1.2.209/gcc/dev/atmega16/avr5/crtatmega16.o
 .debug_info    0x0000052e      0x171 Lib/Src/AT24C32.o
 .debug_info    0x0000069f       0x94 Lib/Src/Buzzer.o
 .debug_info    0x00000733      0xd3d Lib/Src/Clock.o
 .debug_info    0x00001470      0x372 Lib/Src/DS1307.o
 .debug_info    0x000017e2      0x50e Lib/Src/I2C.o
 .debug_info    0x00001cf0      0x5f8 Lib/Src/LCD.o
 .debug_info    0x000022e8      0x109 Lib/Src/MCU_Init.o
 .debug_info    0x000023f1       0xaf Lib/Src/Timer.o
 .debug_info    0x000024a0      0x104 Lib/Src/UART.o
 .debug_info    0x000025a4      0x13d main.o

.debug_abbrev   0x00000000      0xfaf
 *(.debug_abbrev)
 .debug_abbrev  0x00000000      0x4e7 C:/Program Files (x86)/Atmel/Studio/7.0/Packs/atmel/ATmega_DFP/1.2.209/gcc/dev/atmega16/avr5/crtatmega16.o
 .debug_abbrev  0x000004e7       0xac Lib/Src/AT24C32.o
 .debug_abbrev  0x00000593       0x67 Lib/Src/Buzzer.o
 .debug_abbrev  0x000005fa      0x232 Lib/Src/Clock.o
 .debug_abbrev  0x0000082c      0x12c Lib/Src/DS1307.o
 .debug_abbrev  0x00000958      0x250 Lib/Src/I2C.o
 .debug_abbrev  0x00000ba8      0x188 Lib/Src/LCD.o
 .debug_abbrev  0x00000d30       0x9b Lib/Src/MCU_Init.o
 .debug_abbrev  0x00000dcb       0x7f Lib/Src/Timer.o
 .debug_abbrev  0x00000e4a       0xb5 Lib/Src/UART.o
 .debug_abbrev  0x00000eff       0xb0 main.o

.debug_line     0x00000000     0x1347
 *(.debug_line .debug_line.* .debug_line_end)
 .debug_line    0x00000000      0x115 C:/Program Files (x86)/Atmel/Studio/7.0/Packs/atmel/ATmega_DFP/1.2.209/gcc/dev/atmega16/avr5/crtatmega16.o
 .debug_line    0x00000115       0xbc Lib/Src/AT24C32.o
 .debug_line    0x000001d1       0xd5 Lib/Src/Buzzer.o
 .debug_line    0x000002a6      0x59f Lib/Src/Clock.o
 .debug_line    0x00000845      0x167 Lib/Src/DS1307.o
 .debug_line    0x000009ac      0x304 Lib/Src/I2C.o
 .debug_line    0x00000cb0      0x283 Lib/Src/LCD.o
 .debug_line    0x00000f33      0x133 Lib/Src/MCU_Init.o
 .debug_line    0x00001066       0xec Lib/Src/Timer.o
 .debug_line    0x00001152      0x105 Lib/Src/UART.o
 .debug_line    0x00001257       0xf0 main.o

.debug_frame    0x00000000      0x474
 *(.debug_frame)
 .debug_frame   0x00000000       0x34 Lib/Src/AT24C32.o
 .debug_frame   0x00000034       0x24 Lib/Src/Buzzer.o
 .debug_frame   0x00000058      0x10c Lib/Src/Clock.o
 .debug_frame   0x00000164       0x6c Lib/Src/DS1307.o
 .debug_frame   0x000001d0      0x120 Lib/Src/I2C.o
 .debug_frame   0x000002f0       0x98 Lib/Src/LCD.o
 .debug_frame   0x00000388       0x34 Lib/Src/MCU_Init.o
 .debug_frame   0x000003bc       0x44 Lib/Src/Timer.o
 .debug_frame   0x00000400       0x50 Lib/Src/UART.o
 .debug_frame   0x00000450       0x24 main.o

.debug_str      0x00000000      0x800
 *(.debug_str)
 .debug_str     0x00000000      0x1af C:/Program Files (x86)/Atmel/Studio/7.0/Packs/atmel/ATmega_DFP/1.2.209/gcc/dev/atmega16/avr5/crtatmega16.o
 .debug_str     0x000001af      0x180 Lib/Src/AT24C32.o
                                0x1b4 (size before relaxing)
 .debug_str     0x0000032f       0x2b Lib/Src/Buzzer.o
                                0x183 (size before relaxing)
 .debug_str     0x0000035a      0x272 Lib/Src/Clock.o
                                0x433 (size before relaxing)
 .debug_str     0x000005cc       0x80 Lib/Src/DS1307.o
                                0x207 (size before relaxing)
 .debug_str     0x0000064c       0x87 Lib/Src/I2C.o
                                0x29c (size before relaxing)
 .debug_str     0x000006d3       0x95 Lib/Src/LCD.o
                                0x27a (size before relaxing)
 .debug_str     0x00000768       0x3e Lib/Src/MCU_Init.o
                                0x1a8 (size before relaxing)
 .debug_str     0x000007a6       0x1e Lib/Src/Timer.o
                                0x18c (size before relaxing)
 .debug_str     0x000007c4       0x2b Lib/Src/UART.o
                                0x1a7 (size before relaxing)
 .debug_str     0x000007ef       0x11 main.o
                                0x1ce (size before relaxing)

.debug_loc      0x00000000      0xfdf
 *(.debug_loc)
 .debug_loc     0x00000000       0x6c Lib/Src/AT24C32.o
 .debug_loc     0x0000006c      0x37f Lib/Src/Clock.o
 .debug_loc     0x000003eb      0x170 Lib/Src/DS1307.o
 .debug_loc     0x0000055b      0x471 Lib/Src/I2C.o
 .debug_loc     0x000009cc      0x530 Lib/Src/LCD.o
 .debug_loc     0x00000efc       0x3c Lib/Src/Timer.o
 .debug_loc     0x00000f38       0xa7 Lib/Src/UART.o

.debug_macinfo
 *(.debug_macinfo)

.debug_weaknames
 *(.debug_weaknames)

.debug_funcnames
 *(.debug_funcnames)

.debug_typenames
 *(.debug_typenames)

.debug_varnames
 *(.debug_varnames)

.debug_pubtypes
 *(.debug_pubtypes)

.debug_ranges   0x00000000      0x1d8
 *(.debug_ranges)
 .debug_ranges  0x00000000       0x18 Lib/Src/AT24C32.o
 .debug_ranges  0x00000018       0x10 Lib/Src/Buzzer.o
 .debug_ranges  0x00000028       0x68 Lib/Src/Clock.o
 .debug_ranges  0x00000090       0x28 Lib/Src/DS1307.o
 .debug_ranges  0x000000b8       0x80 Lib/Src/I2C.o
 .debug_ranges  0x00000138       0x40 Lib/Src/LCD.o
 .debug_ranges  0x00000178       0x18 Lib/Src/MCU_Init.o
 .debug_ranges  0x00000190       0x18 Lib/Src/Timer.o
 .debug_ranges  0x000001a8       0x20 Lib/Src/UART.o
 .debug_ranges  0x000001c8       0x10 main.o

.debug_macro
 *(.debug_macro)
OUTPUT(Alarm_clock.elf elf32-avr)
LOAD linker stubs
