Archive member included to satisfy reference by file (symbol)

c:/program files (x86)/atmel/studio/7.0/toolchain/avr8/avr8-gnu-toolchain/bin/../lib/gcc/avr/5.4.0/avr5\libgcc.a(_exit.o)
                              C:/Program Files (x86)/Atmel/Studio/7.0/Packs/atmel/ATmega_DFP/1.2.209/gcc/dev/atmega16/avr5/crtatmega16.o (exit)
c:/program files (x86)/atmel/studio/7.0/toolchain/avr8/avr8-gnu-toolchain/bin/../lib/gcc/avr/5.4.0/avr5\libgcc.a(_copy_data.o)
                              main.o (__do_copy_data)
c:/program files (x86)/atmel/studio/7.0/toolchain/avr8/avr8-gnu-toolchain/bin/../lib/gcc/avr/5.4.0/avr5\libgcc.a(_clear_bss.o)
                              Lib/Src/DS1307.o (__do_clear_bss)

Allocating common symbols
Common symbol       size              file

month               0x1               Lib/Src/DS1307.o
hour                0x1               Lib/Src/DS1307.o
min                 0x1               Lib/Src/DS1307.o
year                0x1               Lib/Src/DS1307.o
sec                 0x1               Lib/Src/DS1307.o
day                 0x1               Lib/Src/DS1307.o
date                0x1               Lib/Src/DS1307.o

Discarded input sections

 .data          0x00000000        0x0 C:/Program Files (x86)/Atmel/Studio/7.0/Packs/atmel/ATmega_DFP/1.2.209/gcc/dev/atmega16/avr5/crtatmega16.o
 .bss           0x00000000        0x0 C:/Program Files (x86)/Atmel/Studio/7.0/Packs/atmel/ATmega_DFP/1.2.209/gcc/dev/atmega16/avr5/crtatmega16.o
 .text          0x00000000        0x0 Lib/Src/AT24C32.o
 .data          0x00000000        0x0 Lib/Src/AT24C32.o
 .bss           0x00000000        0x0 Lib/Src/AT24C32.o
 .text.EE_Write_byte
                0x00000000       0x20 Lib/Src/AT24C32.o
 .text.write    0x00000000       0x90 Lib/Src/AT24C32.o
 .text.EE_Read_byte
                0x00000000        0xe Lib/Src/AT24C32.o
 .text.read     0x00000000       0x6e Lib/Src/AT24C32.o
 .debug_info    0x00000000      0x2f9 Lib/Src/AT24C32.o
 .debug_abbrev  0x00000000      0x114 Lib/Src/AT24C32.o
 .debug_loc     0x00000000      0x140 Lib/Src/AT24C32.o
 .debug_aranges
                0x00000000       0x38 Lib/Src/AT24C32.o
 .debug_ranges  0x00000000       0x28 Lib/Src/AT24C32.o
 .debug_line    0x00000000      0x20c Lib/Src/AT24C32.o
 .debug_str     0x00000000      0x1cb Lib/Src/AT24C32.o
 .comment       0x00000000       0x31 Lib/Src/AT24C32.o
 .debug_frame   0x00000000       0x84 Lib/Src/AT24C32.o
 .text          0x00000000        0x0 Lib/Src/Buzzer.o
 .data          0x00000000        0x0 Lib/Src/Buzzer.o
 .bss           0x00000000        0x0 Lib/Src/Buzzer.o
 .debug_line    0x00000000        0x0 Lib/Src/Buzzer.o
 .debug_str     0x00000000       0xfd Lib/Src/Buzzer.o
 .comment       0x00000000       0x31 Lib/Src/Buzzer.o
 .text          0x00000000        0x0 Lib/Src/DS1307.o
 .data          0x00000000        0x0 Lib/Src/DS1307.o
 .bss           0x00000000        0x0 Lib/Src/DS1307.o
 .text.RTC_bin_dec
                0x00000000       0x26 Lib/Src/DS1307.o
 .text.RTC_dec_bin
                0x00000000       0x16 Lib/Src/DS1307.o
 .text.RTC_write
                0x00000000       0x52 Lib/Src/DS1307.o
 .debug_info    0x00000000      0x2d5 Lib/Src/DS1307.o
 .debug_abbrev  0x00000000      0x141 Lib/Src/DS1307.o
 .debug_loc     0x00000000       0xba Lib/Src/DS1307.o
 .debug_aranges
                0x00000000       0x30 Lib/Src/DS1307.o
 .debug_ranges  0x00000000       0x20 Lib/Src/DS1307.o
 .debug_line    0x00000000       0xb9 Lib/Src/DS1307.o
 .debug_str     0x00000000      0x1bc Lib/Src/DS1307.o
 .comment       0x00000000       0x31 Lib/Src/DS1307.o
 .debug_frame   0x00000000       0x44 Lib/Src/DS1307.o
 COMMON         0x00000000        0x7 Lib/Src/DS1307.o
 .text          0x00000000        0x0 Lib/Src/I2C.o
 .data          0x00000000        0x0 Lib/Src/I2C.o
 .bss           0x00000000        0x0 Lib/Src/I2C.o
 .text.I2C_Start
                0x00000000        0xc Lib/Src/I2C.o
 .text.I2C_Stop
                0x00000000        0x6 Lib/Src/I2C.o
 .text.I2C_Send_byte
                0x00000000        0xe Lib/Src/I2C.o
 .text.I2C_Read_byte
                0x00000000        0xe Lib/Src/I2C.o
 .text.I2C_ReadLastByte
                0x00000000        0xe Lib/Src/I2C.o
 .text          0x00000000        0x0 Lib/Src/LCD.o
 .data          0x00000000        0x0 Lib/Src/LCD.o
 .bss           0x00000000        0x0 Lib/Src/LCD.o
 .text          0x00000000        0x0 Lib/Src/MCU_Init.o
 .data          0x00000000        0x0 Lib/Src/MCU_Init.o
 .bss           0x00000000        0x0 Lib/Src/MCU_Init.o
 .text          0x00000000        0x0 Lib/Src/Timer.o
 .data          0x00000000        0x0 Lib/Src/Timer.o
 .bss           0x00000000        0x0 Lib/Src/Timer.o
 .text          0x00000000        0x0 Lib/Src/UART.o
 .data          0x00000000        0x0 Lib/Src/UART.o
 .bss           0x00000000        0x0 Lib/Src/UART.o
 .text.UART_Transmit
                0x00000000        0x8 Lib/Src/UART.o
 .text          0x00000000        0x0 Lib/Src/Unit_Test.o
 .data          0x00000000        0x0 Lib/Src/Unit_Test.o
 .bss           0x00000000        0x0 Lib/Src/Unit_Test.o
 .text.Unit_Test_Led
                0x00000000       0x62 Lib/Src/Unit_Test.o
 .text.Unit_Test_Buttons
                0x00000000       0x72 Lib/Src/Unit_Test.o
 .text.Unit_Test_Buzzer
                0x00000000       0x18 Lib/Src/Unit_Test.o
 .bss.button_flag_blue
                0x00000000        0x1 Lib/Src/Unit_Test.o
 .bss.button_flag_red
                0x00000000        0x1 Lib/Src/Unit_Test.o
 .debug_info    0x00000000      0x25f Lib/Src/Unit_Test.o
 .debug_abbrev  0x00000000      0x154 Lib/Src/Unit_Test.o
 .debug_loc     0x00000000      0x173 Lib/Src/Unit_Test.o
 .debug_aranges
                0x00000000       0x30 Lib/Src/Unit_Test.o
 .debug_ranges  0x00000000       0x20 Lib/Src/Unit_Test.o
 .debug_line    0x00000000      0x227 Lib/Src/Unit_Test.o
 .debug_str     0x00000000      0x21c Lib/Src/Unit_Test.o
 .comment       0x00000000       0x31 Lib/Src/Unit_Test.o
 .debug_frame   0x00000000       0x44 Lib/Src/Unit_Test.o
 .text          0x00000000        0x0 main.o
 .data          0x00000000        0x0 main.o
 .bss           0x00000000        0x0 main.o
 .text.Enter_Set_Time_Mode
                0x00000000        0x2 main.o
 .text          0x00000000        0x0 c:/program files (x86)/atmel/studio/7.0/toolchain/avr8/avr8-gnu-toolchain/bin/../lib/gcc/avr/5.4.0/avr5\libgcc.a(_exit.o)
 .data          0x00000000        0x0 c:/program files (x86)/atmel/studio/7.0/toolchain/avr8/avr8-gnu-toolchain/bin/../lib/gcc/avr/5.4.0/avr5\libgcc.a(_exit.o)
 .bss           0x00000000        0x0 c:/program files (x86)/atmel/studio/7.0/toolchain/avr8/avr8-gnu-toolchain/bin/../lib/gcc/avr/5.4.0/avr5\libgcc.a(_exit.o)
 .text.libgcc.mul
                0x00000000        0x0 c:/program files (x86)/atmel/studio/7.0/toolchain/avr8/avr8-gnu-toolchain/bin/../lib/gcc/avr/5.4.0/avr5\libgcc.a(_exit.o)
 .text.libgcc.div
                0x00000000        0x0 c:/program files (x86)/atmel/studio/7.0/toolchain/avr8/avr8-gnu-toolchain/bin/../lib/gcc/avr/5.4.0/avr5\libgcc.a(_exit.o)
 .text.libgcc   0x00000000        0x0 c:/program files (x86)/atmel/studio/7.0/toolchain/avr8/avr8-gnu-toolchain/bin/../lib/gcc/avr/5.4.0/avr5\libgcc.a(_exit.o)
 .text.libgcc.prologue
                0x00000000        0x0 c:/program files (x86)/atmel/studio/7.0/toolchain/avr8/avr8-gnu-toolchain/bin/../lib/gcc/avr/5.4.0/avr5\libgcc.a(_exit.o)
 .text.libgcc.builtins
                0x00000000        0x0 c:/program files (x86)/atmel/studio/7.0/toolchain/avr8/avr8-gnu-toolchain/bin/../lib/gcc/avr/5.4.0/avr5\libgcc.a(_exit.o)
 .text.libgcc.fmul
                0x00000000        0x0 c:/program files (x86)/atmel/studio/7.0/toolchain/avr8/avr8-gnu-toolchain/bin/../lib/gcc/avr/5.4.0/avr5\libgcc.a(_exit.o)
 .text.libgcc.fixed
                0x00000000        0x0 c:/program files (x86)/atmel/studio/7.0/toolchain/avr8/avr8-gnu-toolchain/bin/../lib/gcc/avr/5.4.0/avr5\libgcc.a(_exit.o)
 .text          0x00000000        0x0 c:/program files (x86)/atmel/studio/7.0/toolchain/avr8/avr8-gnu-toolchain/bin/../lib/gcc/avr/5.4.0/avr5\libgcc.a(_copy_data.o)
 .data          0x00000000        0x0 c:/program files (x86)/atmel/studio/7.0/toolchain/avr8/avr8-gnu-toolchain/bin/../lib/gcc/avr/5.4.0/avr5\libgcc.a(_copy_data.o)
 .bss           0x00000000        0x0 c:/program files (x86)/atmel/studio/7.0/toolchain/avr8/avr8-gnu-toolchain/bin/../lib/gcc/avr/5.4.0/avr5\libgcc.a(_copy_data.o)
 .text.libgcc.mul
                0x00000000        0x0 c:/program files (x86)/atmel/studio/7.0/toolchain/avr8/avr8-gnu-toolchain/bin/../lib/gcc/avr/5.4.0/avr5\libgcc.a(_copy_data.o)
 .text.libgcc.div
                0x00000000        0x0 c:/program files (x86)/atmel/studio/7.0/toolchain/avr8/avr8-gnu-toolchain/bin/../lib/gcc/avr/5.4.0/avr5\libgcc.a(_copy_data.o)
 .text.libgcc   0x00000000        0x0 c:/program files (x86)/atmel/studio/7.0/toolchain/avr8/avr8-gnu-toolchain/bin/../lib/gcc/avr/5.4.0/avr5\libgcc.a(_copy_data.o)
 .text.libgcc.prologue
                0x00000000        0x0 c:/program files (x86)/atmel/studio/7.0/toolchain/avr8/avr8-gnu-toolchain/bin/../lib/gcc/avr/5.4.0/avr5\libgcc.a(_copy_data.o)
 .text.libgcc.builtins
                0x00000000        0x0 c:/program files (x86)/atmel/studio/7.0/toolchain/avr8/avr8-gnu-toolchain/bin/../lib/gcc/avr/5.4.0/avr5\libgcc.a(_copy_data.o)
 .text.libgcc.fmul
                0x00000000        0x0 c:/program files (x86)/atmel/studio/7.0/toolchain/avr8/avr8-gnu-toolchain/bin/../lib/gcc/avr/5.4.0/avr5\libgcc.a(_copy_data.o)
 .text.libgcc.fixed
                0x00000000        0x0 c:/program files (x86)/atmel/studio/7.0/toolchain/avr8/avr8-gnu-toolchain/bin/../lib/gcc/avr/5.4.0/avr5\libgcc.a(_copy_data.o)
 .text          0x00000000        0x0 c:/program files (x86)/atmel/studio/7.0/toolchain/avr8/avr8-gnu-toolchain/bin/../lib/gcc/avr/5.4.0/avr5\libgcc.a(_clear_bss.o)
 .data          0x00000000        0x0 c:/program files (x86)/atmel/studio/7.0/toolchain/avr8/avr8-gnu-toolchain/bin/../lib/gcc/avr/5.4.0/avr5\libgcc.a(_clear_bss.o)
 .bss           0x00000000        0x0 c:/program files (x86)/atmel/studio/7.0/toolchain/avr8/avr8-gnu-toolchain/bin/../lib/gcc/avr/5.4.0/avr5\libgcc.a(_clear_bss.o)
 .text.libgcc.mul
                0x00000000        0x0 c:/program files (x86)/atmel/studio/7.0/toolchain/avr8/avr8-gnu-toolchain/bin/../lib/gcc/avr/5.4.0/avr5\libgcc.a(_clear_bss.o)
 .text.libgcc.div
                0x00000000        0x0 c:/program files (x86)/atmel/studio/7.0/toolchain/avr8/avr8-gnu-toolchain/bin/../lib/gcc/avr/5.4.0/avr5\libgcc.a(_clear_bss.o)
 .text.libgcc   0x00000000        0x0 c:/program files (x86)/atmel/studio/7.0/toolchain/avr8/avr8-gnu-toolchain/bin/../lib/gcc/avr/5.4.0/avr5\libgcc.a(_clear_bss.o)
 .text.libgcc.prologue
                0x00000000        0x0 c:/program files (x86)/atmel/studio/7.0/toolchain/avr8/avr8-gnu-toolchain/bin/../lib/gcc/avr/5.4.0/avr5\libgcc.a(_clear_bss.o)
 .text.libgcc.builtins
                0x00000000        0x0 c:/program files (x86)/atmel/studio/7.0/toolchain/avr8/avr8-gnu-toolchain/bin/../lib/gcc/avr/5.4.0/avr5\libgcc.a(_clear_bss.o)
 .text.libgcc.fmul
                0x00000000        0x0 c:/program files (x86)/atmel/studio/7.0/toolchain/avr8/avr8-gnu-toolchain/bin/../lib/gcc/avr/5.4.0/avr5\libgcc.a(_clear_bss.o)
 .text.libgcc.fixed
                0x00000000        0x0 c:/program files (x86)/atmel/studio/7.0/toolchain/avr8/avr8-gnu-toolchain/bin/../lib/gcc/avr/5.4.0/avr5\libgcc.a(_clear_bss.o)

Memory Configuration

Name             Origin             Length             Attributes
text             0x00000000         0x00020000         xr
data             0x00800060         0x0000ffa0         rw !x
eeprom           0x00810000         0x00010000         rw !x
fuse             0x00820000         0x00000002         rw !x
lock             0x00830000         0x00000400         rw !x
signature        0x00840000         0x00000400         rw !x
user_signatures  0x00850000         0x00000400         rw !x
*default*        0x00000000         0xffffffff

Linker script and memory map

LOAD C:/Program Files (x86)/Atmel/Studio/7.0/Packs/atmel/ATmega_DFP/1.2.209/gcc/dev/atmega16/avr5/crtatmega16.o
LOAD Lib/Src/AT24C32.o
LOAD Lib/Src/Buzzer.o
LOAD Lib/Src/DS1307.o
LOAD Lib/Src/I2C.o
LOAD Lib/Src/LCD.o
LOAD Lib/Src/MCU_Init.o
LOAD Lib/Src/Timer.o
LOAD Lib/Src/UART.o
LOAD Lib/Src/Unit_Test.o
LOAD main.o
START GROUP
LOAD c:/program files (x86)/atmel/studio/7.0/toolchain/avr8/avr8-gnu-toolchain/bin/../lib/gcc/avr/5.4.0/../../../../avr/lib/avr5\libm.a
END GROUP
START GROUP
LOAD c:/program files (x86)/atmel/studio/7.0/toolchain/avr8/avr8-gnu-toolchain/bin/../lib/gcc/avr/5.4.0/avr5\libgcc.a
LOAD c:/program files (x86)/atmel/studio/7.0/toolchain/avr8/avr8-gnu-toolchain/bin/../lib/gcc/avr/5.4.0/../../../../avr/lib/avr5\libm.a
LOAD c:/program files (x86)/atmel/studio/7.0/toolchain/avr8/avr8-gnu-toolchain/bin/../lib/gcc/avr/5.4.0/../../../../avr/lib/avr5\libc.a
LOAD C:/Program Files (x86)/Atmel/Studio/7.0/Packs/atmel/ATmega_DFP/1.2.209/gcc/dev/atmega16/avr5\libatmega16.a
END GROUP
                0x00020000                __TEXT_REGION_LENGTH__ = DEFINED (__TEXT_REGION_LENGTH__)?__TEXT_REGION_LENGTH__:0x20000
                0x0000ffa0                __DATA_REGION_LENGTH__ = DEFINED (__DATA_REGION_LENGTH__)?__DATA_REGION_LENGTH__:0xffa0
                0x00010000                __EEPROM_REGION_LENGTH__ = DEFINED (__EEPROM_REGION_LENGTH__)?__EEPROM_REGION_LENGTH__:0x10000
                [0x00000002]                __FUSE_REGION_LENGTH__ = DEFINED (__FUSE_REGION_LENGTH__)?__FUSE_REGION_LENGTH__:0x400
                0x00000400                __LOCK_REGION_LENGTH__ = DEFINED (__LOCK_REGION_LENGTH__)?__LOCK_REGION_LENGTH__:0x400
                0x00000400                __SIGNATURE_REGION_LENGTH__ = DEFINED (__SIGNATURE_REGION_LENGTH__)?__SIGNATURE_REGION_LENGTH__:0x400
                0x00000400                __USER_SIGNATURE_REGION_LENGTH__ = DEFINED (__USER_SIGNATURE_REGION_LENGTH__)?__USER_SIGNATURE_REGION_LENGTH__:0x400

.hash
 *(.hash)

.dynsym
 *(.dynsym)

.dynstr
 *(.dynstr)

.gnu.version
 *(.gnu.version)

.gnu.version_d
 *(.gnu.version_d)

.gnu.version_r
 *(.gnu.version_r)

.rel.init
 *(.rel.init)

.rela.init
 *(.rela.init)

.rel.text
 *(.rel.text)
 *(.rel.text.*)
 *(.rel.gnu.linkonce.t*)

.rela.text
 *(.rela.text)
 *(.rela.text.*)
 *(.rela.gnu.linkonce.t*)

.rel.fini
 *(.rel.fini)

.rela.fini
 *(.rela.fini)

.rel.rodata
 *(.rel.rodata)
 *(.rel.rodata.*)
 *(.rel.gnu.linkonce.r*)

.rela.rodata
 *(.rela.rodata)
 *(.rela.rodata.*)
 *(.rela.gnu.linkonce.r*)

.rel.data
 *(.rel.data)
 *(.rel.data.*)
 *(.rel.gnu.linkonce.d*)

.rela.data
 *(.rela.data)
 *(.rela.data.*)
 *(.rela.gnu.linkonce.d*)

.rel.ctors
 *(.rel.ctors)

.rela.ctors
 *(.rela.ctors)

.rel.dtors
 *(.rel.dtors)

.rela.dtors
 *(.rela.dtors)

.rel.got
 *(.rel.got)

.rela.got
 *(.rela.got)

.rel.bss
 *(.rel.bss)

.rela.bss
 *(.rela.bss)

.rel.plt
 *(.rel.plt)

.rela.plt
 *(.rela.plt)

.text           0x00000000      0x36e
 *(.vectors)
 .vectors       0x00000000       0x54 C:/Program Files (x86)/Atmel/Studio/7.0/Packs/atmel/ATmega_DFP/1.2.209/gcc/dev/atmega16/avr5/crtatmega16.o
                0x00000000                __vector_default
                0x00000000                __vectors
 *(.vectors)
 *(.progmem.gcc*)
                0x00000054                . = ALIGN (0x2)
                0x00000054                __trampolines_start = .
 *(.trampolines)
 .trampolines   0x00000054        0x0 linker stubs
 *(.trampolines*)
                0x00000054                __trampolines_end = .
 *libprintf_flt.a:*(.progmem.data)
 *libc.a:*(.progmem.data)
 *(.progmem*)
                0x00000054                . = ALIGN (0x2)
 *(.jumptables)
 *(.jumptables*)
 *(.lowtext)
 *(.lowtext*)
                0x00000054                __ctors_start = .
 *(.ctors)
                0x00000054                __ctors_end = .
                0x00000054                __dtors_start = .
 *(.dtors)
                0x00000054                __dtors_end = .
 SORT(*)(.ctors)
 SORT(*)(.dtors)
 *(.init0)
 .init0         0x00000054        0x0 C:/Program Files (x86)/Atmel/Studio/7.0/Packs/atmel/ATmega_DFP/1.2.209/gcc/dev/atmega16/avr5/crtatmega16.o
                0x00000054                __init
 *(.init0)
 *(.init1)
 *(.init1)
 *(.init2)
 .init2         0x00000054        0xc C:/Program Files (x86)/Atmel/Studio/7.0/Packs/atmel/ATmega_DFP/1.2.209/gcc/dev/atmega16/avr5/crtatmega16.o
 *(.init2)
 *(.init3)
 *(.init3)
 *(.init4)
 .init4         0x00000060       0x16 c:/program files (x86)/atmel/studio/7.0/toolchain/avr8/avr8-gnu-toolchain/bin/../lib/gcc/avr/5.4.0/avr5\libgcc.a(_copy_data.o)
                0x00000060                __do_copy_data
 .init4         0x00000076       0x10 c:/program files (x86)/atmel/studio/7.0/toolchain/avr8/avr8-gnu-toolchain/bin/../lib/gcc/avr/5.4.0/avr5\libgcc.a(_clear_bss.o)
                0x00000076                __do_clear_bss
 *(.init4)
 *(.init5)
 *(.init5)
 *(.init6)
 *(.init6)
 *(.init7)
 *(.init7)
 *(.init8)
 *(.init8)
 *(.init9)
 .init9         0x00000086        0x8 C:/Program Files (x86)/Atmel/Studio/7.0/Packs/atmel/ATmega_DFP/1.2.209/gcc/dev/atmega16/avr5/crtatmega16.o
 *(.init9)
 *(.text)
 .text          0x0000008e        0x4 C:/Program Files (x86)/Atmel/Studio/7.0/Packs/atmel/ATmega_DFP/1.2.209/gcc/dev/atmega16/avr5/crtatmega16.o
                0x0000008e                __vector_1
                0x0000008e                __vector_12
                0x0000008e                __bad_interrupt
                0x0000008e                __vector_3
                0x0000008e                __vector_11
                0x0000008e                __vector_13
                0x0000008e                __vector_17
                0x0000008e                __vector_19
                0x0000008e                __vector_7
                0x0000008e                __vector_5
                0x0000008e                __vector_4
                0x0000008e                __vector_9
                0x0000008e                __vector_2
                0x0000008e                __vector_15
                0x0000008e                __vector_8
                0x0000008e                __vector_14
                0x0000008e                __vector_10
                0x0000008e                __vector_16
                0x0000008e                __vector_18
                0x0000008e                __vector_20
                0x00000092                . = ALIGN (0x2)
 *(.text.*)
 .text.I2C_init
                0x00000092        0x6 Lib/Src/I2C.o
                0x00000092                I2C_init
 .text.LCD_Send_Half_Byte
                0x00000098       0x28 Lib/Src/LCD.o
                0x00000098                LCD_Send_Half_Byte
 .text.LCD_Send_Byte
                0x000000c0       0x24 Lib/Src/LCD.o
                0x000000c0                LCD_Send_Byte
 .text.LCD_Init
                0x000000e4       0x92 Lib/Src/LCD.o
                0x000000e4                LCD_Init
 .text.LCD_Send_Char
                0x00000176        0x8 Lib/Src/LCD.o
                0x00000176                LCD_Send_Char
 .text.LCD_Set_Cursor
                0x0000017e       0x12 Lib/Src/LCD.o
                0x0000017e                LCD_Set_Cursor
 .text.LCD_Clear
                0x00000190       0x16 Lib/Src/LCD.o
                0x00000190                LCD_Clear
 .text.LCD_String
                0x000001a6       0x1e Lib/Src/LCD.o
                0x000001a6                LCD_String
 .text.GPIO_Init
                0x000001c4       0x24 Lib/Src/MCU_Init.o
                0x000001c4                GPIO_Init
 .text.MCU_Init
                0x000001e8       0x1a Lib/Src/MCU_Init.o
                0x000001e8                MCU_Init
 .text.__vector_6
                0x00000202       0x34 Lib/Src/Timer.o
                0x00000202                __vector_6
 .text.Timer_Init
                0x00000236       0x1a Lib/Src/Timer.o
                0x00000236                Timer_Init
 .text.UART_init
                0x00000250       0x10 Lib/Src/UART.o
                0x00000250                UART_init
 .text.Display_Time
                0x00000260       0x12 main.o
                0x00000260                Display_Time
 .text.Clock_Alarm
                0x00000272       0xe2 main.o
                0x00000272                Clock_Alarm
 .text.main     0x00000354       0x16 main.o
                0x00000354                main
                0x0000036a                . = ALIGN (0x2)
 *(.fini9)
 .fini9         0x0000036a        0x0 c:/program files (x86)/atmel/studio/7.0/toolchain/avr8/avr8-gnu-toolchain/bin/../lib/gcc/avr/5.4.0/avr5\libgcc.a(_exit.o)
                0x0000036a                _exit
                0x0000036a                exit
 *(.fini9)
 *(.fini8)
 *(.fini8)
 *(.fini7)
 *(.fini7)
 *(.fini6)
 *(.fini6)
 *(.fini5)
 *(.fini5)
 *(.fini4)
 *(.fini4)
 *(.fini3)
 *(.fini3)
 *(.fini2)
 *(.fini2)
 *(.fini1)
 *(.fini1)
 *(.fini0)
 .fini0         0x0000036a        0x4 c:/program files (x86)/atmel/studio/7.0/toolchain/avr8/avr8-gnu-toolchain/bin/../lib/gcc/avr/5.4.0/avr5\libgcc.a(_exit.o)
 *(.fini0)
                0x0000036e                _etext = .

.data           0x00800060       0x46 load address 0x0000036e
                0x00800060                PROVIDE (__data_start, .)
 *(.data)
 *(.data*)
 *(.gnu.linkonce.d*)
 *(.rodata)
 *(.rodata*)
 .rodata.str1.1
                0x00800060       0x45 main.o
 *(.gnu.linkonce.r*)
                0x008000a6                . = ALIGN (0x2)
 *fill*         0x008000a5        0x1 
                0x008000a6                _edata = .
                0x008000a6                PROVIDE (__data_end, .)

.bss            0x008000a6        0x3
                0x008000a6                PROVIDE (__bss_start, .)
 *(.bss)
 *(.bss*)
 .bss.timer_flag
                0x008000a6        0x1 Lib/Src/Timer.o
                0x008000a6                timer_flag
 .bss.Current_Mode
                0x008000a7        0x1 main.o
                0x008000a7                Current_Mode
 .bss.flag_set  0x008000a8        0x1 main.o
                0x008000a8                flag_set
 *(COMMON)
                0x008000a9                PROVIDE (__bss_end, .)
                0x0000036e                __data_load_start = LOADADDR (.data)
                0x000003b4                __data_load_end = (__data_load_start + SIZEOF (.data))

.noinit         0x008000a9        0x0
                [!provide]                PROVIDE (__noinit_start, .)
 *(.noinit*)
                [!provide]                PROVIDE (__noinit_end, .)
                0x008000a9                _end = .
                [!provide]                PROVIDE (__heap_start, .)

.eeprom         0x00810000        0x0
 *(.eeprom*)
                0x00810000                __eeprom_end = .

.fuse
 *(.fuse)
 *(.lfuse)
 *(.hfuse)
 *(.efuse)

.lock
 *(.lock*)

.signature
 *(.signature*)

.user_signatures
 *(.user_signatures*)

.stab
 *(.stab)

.stabstr
 *(.stabstr)

.stab.excl
 *(.stab.excl)

.stab.exclstr
 *(.stab.exclstr)

.stab.index
 *(.stab.index)

.stab.indexstr
 *(.stab.indexstr)

.comment        0x00000000       0x30
 *(.comment)
 .comment       0x00000000       0x30 Lib/Src/I2C.o
                                 0x31 (size before relaxing)
 .comment       0x00000030       0x31 Lib/Src/LCD.o
 .comment       0x00000030       0x31 Lib/Src/MCU_Init.o
 .comment       0x00000030       0x31 Lib/Src/Timer.o
 .comment       0x00000030       0x31 Lib/Src/UART.o
 .comment       0x00000030       0x31 main.o

.note.gnu.avr.deviceinfo
                0x00000000       0x3c
 .note.gnu.avr.deviceinfo
                0x00000000       0x3c C:/Program Files (x86)/Atmel/Studio/7.0/Packs/atmel/ATmega_DFP/1.2.209/gcc/dev/atmega16/avr5/crtatmega16.o

.note.gnu.build-id
 *(.note.gnu.build-id)

.debug
 *(.debug)

.line
 *(.line)

.debug_srcinfo
 *(.debug_srcinfo)

.debug_sfnames
 *(.debug_sfnames)

.debug_aranges  0x00000000      0x148
 *(.debug_aranges)
 .debug_aranges
                0x00000000       0x48 Lib/Src/I2C.o
 .debug_aranges
                0x00000048       0x50 Lib/Src/LCD.o
 .debug_aranges
                0x00000098       0x28 Lib/Src/MCU_Init.o
 .debug_aranges
                0x000000c0       0x28 Lib/Src/Timer.o
 .debug_aranges
                0x000000e8       0x28 Lib/Src/UART.o
 .debug_aranges
                0x00000110       0x38 main.o

.debug_pubnames
 *(.debug_pubnames)

.debug_info     0x00000000     0x1297
 *(.debug_info .gnu.linkonce.wi.*)
 .debug_info    0x00000000      0x52e C:/Program Files (x86)/Atmel/Studio/7.0/Packs/atmel/ATmega_DFP/1.2.209/gcc/dev/atmega16/avr5/crtatmega16.o
 .debug_info    0x0000052e      0x108 Lib/Src/I2C.o
 .debug_info    0x00000636      0x5f8 Lib/Src/LCD.o
 .debug_info    0x00000c2e      0x109 Lib/Src/MCU_Init.o
 .debug_info    0x00000d37       0xaf Lib/Src/Timer.o
 .debug_info    0x00000de6       0xbb Lib/Src/UART.o
 .debug_info    0x00000ea1      0x3f6 main.o

.debug_abbrev   0x00000000      0x9fc
 *(.debug_abbrev)
 .debug_abbrev  0x00000000      0x4e7 C:/Program Files (x86)/Atmel/Studio/7.0/Packs/atmel/ATmega_DFP/1.2.209/gcc/dev/atmega16/avr5/crtatmega16.o
 .debug_abbrev  0x000004e7       0x92 Lib/Src/I2C.o
 .debug_abbrev  0x00000579      0x188 Lib/Src/LCD.o
 .debug_abbrev  0x00000701       0x9b Lib/Src/MCU_Init.o
 .debug_abbrev  0x0000079c       0x7f Lib/Src/Timer.o
 .debug_abbrev  0x0000081b       0x89 Lib/Src/UART.o
 .debug_abbrev  0x000008a4      0x158 main.o

.debug_line     0x00000000      0xa44
 *(.debug_line .debug_line.* .debug_line_end)
 .debug_line    0x00000000      0x115 C:/Program Files (x86)/Atmel/Studio/7.0/Packs/atmel/ATmega_DFP/1.2.209/gcc/dev/atmega16/avr5/crtatmega16.o
 .debug_line    0x00000115      0x162 Lib/Src/I2C.o
 .debug_line    0x00000277      0x283 Lib/Src/LCD.o
 .debug_line    0x000004fa      0x133 Lib/Src/MCU_Init.o
 .debug_line    0x0000062d       0xec Lib/Src/Timer.o
 .debug_line    0x00000719       0xdd Lib/Src/UART.o
 .debug_line    0x000007f6      0x24e main.o

.debug_frame    0x00000000      0x20c
 *(.debug_frame)
 .debug_frame   0x00000000       0x74 Lib/Src/I2C.o
 .debug_frame   0x00000074       0x98 Lib/Src/LCD.o
 .debug_frame   0x0000010c       0x34 Lib/Src/MCU_Init.o
 .debug_frame   0x00000140       0x44 Lib/Src/Timer.o
 .debug_frame   0x00000184       0x34 Lib/Src/UART.o
 .debug_frame   0x000001b8       0x54 main.o

.debug_str      0x00000000      0x572
 *(.debug_str)
 .debug_str     0x00000000      0x1af C:/Program Files (x86)/Atmel/Studio/7.0/Packs/atmel/ATmega_DFP/1.2.209/gcc/dev/atmega16/avr5/crtatmega16.o
 .debug_str     0x000001af      0x17e Lib/Src/I2C.o
                                0x1b2 (size before relaxing)
 .debug_str     0x0000032d      0x118 Lib/Src/LCD.o
                                0x27a (size before relaxing)
 .debug_str     0x00000445       0x3e Lib/Src/MCU_Init.o
                                0x1a8 (size before relaxing)
 .debug_str     0x00000483       0x29 Lib/Src/Timer.o
                                0x18c (size before relaxing)
 .debug_str     0x000004ac       0x2b Lib/Src/UART.o
                                0x18d (size before relaxing)
 .debug_str     0x000004d7       0x9b main.o
                                0x270 (size before relaxing)

.debug_loc      0x00000000      0x64f
 *(.debug_loc)
 .debug_loc     0x00000000       0x2d Lib/Src/I2C.o
 .debug_loc     0x0000002d      0x530 Lib/Src/LCD.o
 .debug_loc     0x0000055d       0x3c Lib/Src/Timer.o
 .debug_loc     0x00000599       0x26 Lib/Src/UART.o
 .debug_loc     0x000005bf       0x90 main.o

.debug_macinfo
 *(.debug_macinfo)

.debug_weaknames
 *(.debug_weaknames)

.debug_funcnames
 *(.debug_funcnames)

.debug_typenames
 *(.debug_typenames)

.debug_varnames
 *(.debug_varnames)

.debug_pubtypes
 *(.debug_pubtypes)

.debug_ranges   0x00000000       0xe8
 *(.debug_ranges)
 .debug_ranges  0x00000000       0x38 Lib/Src/I2C.o
 .debug_ranges  0x00000038       0x40 Lib/Src/LCD.o
 .debug_ranges  0x00000078       0x18 Lib/Src/MCU_Init.o
 .debug_ranges  0x00000090       0x18 Lib/Src/Timer.o
 .debug_ranges  0x000000a8       0x18 Lib/Src/UART.o
 .debug_ranges  0x000000c0       0x28 main.o

.debug_macro
 *(.debug_macro)
OUTPUT(Alarm_clock.elf elf32-avr)
LOAD linker stubs
